// Jest Snapshot v1, https://goo.gl/fbAQLP

exports[`HeroDetails should query a hero 1`] = `null`;

exports[`HeroDetails should query data 1`] = `null`;

exports[`HeroDetails should query data 2`] = `null`;
